Wed Jun  3 07:35:43 UTC 2026 START monitor rid=956abec9b7cffca6bb660a062dc6498e
Wed Jun  3 07:35:43 UTC 2026 iter=1 issuer=issuer=CN = TRAEFIK DEFAULT CERT
Wed Jun  3 07:36:43 UTC 2026 iter=2 issuer=issuer=CN = TRAEFIK DEFAULT CERT
Wed Jun  3 07:37:43 UTC 2026 iter=3 issuer=issuer=CN = TRAEFIK DEFAULT CERT
Wed Jun  3 07:38:43 UTC 2026 iter=4 issuer=issuer=CN = TRAEFIK DEFAULT CERT
Wed Jun  3 07:39:44 UTC 2026 iter=5 issuer=issuer=CN = TRAEFIK DEFAULT CERT
Wed Jun  3 07:40:44 UTC 2026 iter=6 issuer=issuer=CN = TRAEFIK DEFAULT CERT
Wed Jun  3 07:41:44 UTC 2026 iter=7 issuer=issuer=CN = TRAEFIK DEFAULT CERT
Wed Jun  3 07:42:44 UTC 2026 iter=8 issuer=issuer=CN = TRAEFIK DEFAULT CERT
Wed Jun  3 07:43:44 UTC 2026 iter=9 issuer=issuer=CN = TRAEFIK DEFAULT CERT
Wed Jun  3 07:44:44 UTC 2026 iter=10 issuer=issuer=CN = TRAEFIK DEFAULT CERT
Wed Jun  3 07:45:44 UTC 2026 iter=11 issuer=issuer=CN = TRAEFIK DEFAULT CERT
Wed Jun  3 07:46:44 UTC 2026 iter=12 issuer=issuer=CN = TRAEFIK DEFAULT CERT
Wed Jun  3 07:47:44 UTC 2026 iter=13 issuer=issuer=CN = TRAEFIK DEFAULT CERT
Wed Jun  3 07:48:44 UTC 2026 iter=14 issuer=issuer=CN = TRAEFIK DEFAULT CERT
Wed Jun  3 07:49:44 UTC 2026 iter=15 issuer=issuer=CN = TRAEFIK DEFAULT CERT
Wed Jun  3 07:50:44 UTC 2026 iter=16 issuer=issuer=CN = TRAEFIK DEFAULT CERT
Wed Jun  3 07:51:44 UTC 2026 iter=17 issuer=issuer=CN = TRAEFIK DEFAULT CERT
Wed Jun  3 07:52:44 UTC 2026 iter=18 issuer=issuer=CN = TRAEFIK DEFAULT CERT
Wed Jun  3 07:53:44 UTC 2026 iter=19 issuer=issuer=CN = TRAEFIK DEFAULT CERT
Wed Jun  3 07:54:44 UTC 2026 iter=20 issuer=issuer=CN = TRAEFIK DEFAULT CERT
Wed Jun  3 07:55:45 UTC 2026 iter=21 issuer=issuer=CN = TRAEFIK DEFAULT CERT
Wed Jun  3 07:56:45 UTC 2026 iter=22 issuer=issuer=CN = TRAEFIK DEFAULT CERT
Wed Jun  3 07:57:45 UTC 2026 iter=23 issuer=issuer=CN = TRAEFIK DEFAULT CERT
Wed Jun  3 07:58:45 UTC 2026 iter=24 issuer=issuer=CN = TRAEFIK DEFAULT CERT
Wed Jun  3 07:59:45 UTC 2026 iter=25 issuer=issuer=CN = TRAEFIK DEFAULT CERT
Wed Jun  3 08:00:45 UTC 2026 iter=26 issuer=issuer=CN = TRAEFIK DEFAULT CERT
Wed Jun  3 08:01:45 UTC 2026 iter=27 issuer=issuer=CN = TRAEFIK DEFAULT CERT
Wed Jun  3 08:02:45 UTC 2026 iter=28 issuer=issuer=CN = TRAEFIK DEFAULT CERT
Wed Jun  3 08:03:45 UTC 2026 iter=29 issuer=issuer=CN = TRAEFIK DEFAULT CERT
Wed Jun  3 08:04:45 UTC 2026 iter=30 issuer=issuer=CN = TRAEFIK DEFAULT CERT
Wed Jun  3 08:05:45 UTC 2026 iter=31 issuer=issuer=CN = TRAEFIK DEFAULT CERT
Wed Jun  3 08:06:45 UTC 2026 iter=32 issuer=issuer=CN = TRAEFIK DEFAULT CERT
Wed Jun  3 08:07:45 UTC 2026 iter=33 issuer=issuer=CN = TRAEFIK DEFAULT CERT
Wed Jun  3 08:08:45 UTC 2026 iter=34 issuer=issuer=CN = TRAEFIK DEFAULT CERT
Wed Jun  3 08:09:45 UTC 2026 iter=35 issuer=issuer=CN = TRAEFIK DEFAULT CERT
Wed Jun  3 08:10:46 UTC 2026 iter=36 issuer=issuer=CN = TRAEFIK DEFAULT CERT
Wed Jun  3 08:11:46 UTC 2026 iter=37 issuer=issuer=CN = TRAEFIK DEFAULT CERT
Wed Jun  3 08:12:46 UTC 2026 iter=38 issuer=issuer=CN = TRAEFIK DEFAULT CERT
Wed Jun  3 08:13:46 UTC 2026 iter=39 issuer=issuer=C = US, O = Let's Encrypt, CN = YR1
Wed Jun  3 08:13:46 UTC 2026 LE CERT DETECTED -> re-enabling Cloudflare proxy
Wed Jun  3 08:13:46 UTC 2026 proxy-set: {"result":{"id":"956abec9b7cffca6bb660a062dc6498e","name":"tiktok.pomandi.com","type":"A","content":"46.224.117.155","proxiable":true,"proxied":true,"ttl":1,"settings":{},"meta":{},"comment":"TikTok Ads OAuth service (Coolify/Faric)","tags":[],"created_on":"2026-06-03T07:14:45.679957Z","modified_on":"2026-06-03T08:13:46.502745Z","comment_modified_on":"2026-06-03T07:14:45.679957Z"},"success":true,"errors":[],"messages":[]}
Wed Jun  3 08:14:06 UTC 2026 verify1 https://tiktok.pomandi.com/healthz -> 200
Wed Jun  3 08:14:06 UTC 2026 SUCCESS - fully live behind Cloudflare
